// Jest Snapshot v1, https://goo.gl/fbAQLP

exports[`renders without crashing renders correctly 1`] = `
<section
  className="Publications"
>
  <div
    className="content"
  >
    <div
      className="Content-title"
    >
      <h2>
        Publications
      </h2>
      <span
        className="Section-sub-title"
      >
        Papers I have published
      </span>
    </div>
    <ul
      className="materialize"
    >
      <li
        className="Publications-entry"
      >
        <div
          className="App-card-wide"
        >
          <h3>
            Sac'14
          </h3>
          <div
            className="App-card-subtitle"
          >
            <span>
              On the Support of Task-Parallel Algorithmic Skeletons for Multi-GPU Computing
            </span>
          </div>
          <div>
            <a
              href="http://nova-lincs.di.fct.unl.pt/publication/1329"
              rel="noopener noreferrer"
              target="_blank"
            >
              http://nova-lincs.di.fct.unl.pt/publication/1329
            </a>
          </div>
        </div>
      </li>
      <li
        className="Publications-entry"
      >
        <div
          className="App-card-wide"
        >
          <h3>
            Euro-Par 2013
          </h3>
          <div
            className="App-card-subtitle"
          >
            <span>
              Algorithmic Skeleton Framework for the Orchestration of GPU Computations
            </span>
          </div>
          <div>
            <a
              href="http://link.springer.com/chapter/10.1007%2F978-3-642-40047-6_86"
              rel="noopener noreferrer"
              target="_blank"
            >
              http://link.springer.com/chapter/10.1007%2F978-3-642-40047-6_86
            </a>
          </div>
        </div>
      </li>
    </ul>
  </div>
</section>
`;
