// Jest Snapshot v1, https://goo.gl/fbAQLP

exports[`renders without crashing renders correctly 1`] = `
<div
  className="App"
>
  <h1
    className="App-header"
  >
    This is a test message!
  </h1>
  <button
    className="ant-btn ant-btn-primary"
    onClick={[Function]}
    title={undefined}
    type="button"
  >
    <span>
      Primary
    </span>
  </button>
</div>
`;
