// Jest Snapshot v1, https://goo.gl/fbAQLP

exports[`renders without crashing renders correctly 1`] = `
<section
  className="Home"
>
  <div
    className="content"
  >
    <div
      className="Home-content"
    >
      <div
        className="ant-row"
      >
        <div
          className="Home-hero-wrapper ant-col-xs-24 ant-col-sm-24 ant-col-md-24 ant-col-lg-8 ant-col-xl-8"
        >
          <img
            alt="ric"
            className="lazy"
            data-src="me.jpg"
            id="Home-hero-image"
            src="me_placeholder.png"
          />
        </div>
        <div
          className="ant-col-xs-24 ant-col-sm-24 ant-col-md-24 ant-col-lg-16 ant-col-xl-16"
        >
          <div
            className="Home-description materialize"
          >
            <h1>
              Ricardo Marques
            </h1>
            <span
              className="Home-sub-title"
            >
              Full Stack Developer
            </span>
            <p>
              I specialize in Objected Oriented Development and Web Development. I stand for quality and love spending time optimizing every little piece of code.
            </p>
            <div
              className="Home-buttons"
            >
              <button
                className="ant-btn ant-btn-primary ant-btn-lg"
                onClick={[Function]}
                type="button"
              >
                <i
                  aria-label="icon: mail"
                  className="anticon anticon-mail"
                >
                  <svg
                    aria-hidden="true"
                    className=""
                    data-icon="mail"
                    fill="currentColor"
                    focusable="false"
                    height="1em"
                    viewBox="64 64 896 896"
                    width="1em"
                  >
                    <path
                      d="M928 160H96c-17.7 0-32 14.3-32 32v640c0 17.7 14.3 32 32 32h832c17.7 0 32-14.3 32-32V192c0-17.7-14.3-32-32-32zm-40 110.8V792H136V270.8l-27.6-21.5 39.3-50.5 42.8 33.3h643.1l42.8-33.3 39.3 50.5-27.7 21.5zM833.6 232L512 482 190.4 232l-42.8-33.3-39.3 50.5 27.6 21.5 341.6 265.6a55.99 55.99 0 0 0 68.7 0L888 270.8l27.6-21.5-39.3-50.5-42.7 33.2z"
                    />
                  </svg>
                </i>
                <span>
                  Contact me
                </span>
              </button>
              <button
                className="ant-btn ant-btn-lg"
                onClick={[Function]}
                type="button"
              >
                <i
                  aria-label="icon: download"
                  className="anticon anticon-download"
                >
                  <svg
                    aria-hidden="true"
                    className=""
                    data-icon="download"
                    fill="currentColor"
                    focusable="false"
                    height="1em"
                    viewBox="64 64 896 896"
                    width="1em"
                  >
                    <path
                      d="M505.7 661a8 8 0 0 0 12.6 0l112-141.7c4.1-5.2.4-12.9-6.3-12.9h-74.1V168c0-4.4-3.6-8-8-8h-60c-4.4 0-8 3.6-8 8v338.3H400c-6.7 0-10.4 7.7-6.3 12.9l112 141.8zM878 626h-60c-4.4 0-8 3.6-8 8v154H214V634c0-4.4-3.6-8-8-8h-60c-4.4 0-8 3.6-8 8v198c0 17.7 14.3 32 32 32h684c17.7 0 32-14.3 32-32V634c0-4.4-3.6-8-8-8z"
                    />
                  </svg>
                </i>
                <span>
                  Download CV
                </span>
              </button>
            </div>
          </div>
        </div>
      </div>
    </div>
  </div>
</section>
`;
