// Jest Snapshot v1, https://goo.gl/fbAQLP

exports[`renders without crashing renders correctly 1`] = `
<section
  className="bio"
>
  <div
    className="content"
  >
    <div
      className="content-title"
    >
      <h2>
        about me
      </h2>
      <span
        className="section-sub-title"
      >
        Know me a bit better
      </span>
    </div>
    <div
      className="bio-grid"
    >
      <div
        className="bio-picture"
      >
        <img
          alt="ric"
          src="me.jpeg"
        />
      </div>
      <div>
        <div
          className="bio-divider"
        />
        <div
          className="bio-text materialize"
        >
          <p>
            Hi, I'm Ricardo Marques. I'm a professional nerd that works on both the back and front end, while using a modern tech stack to make things go: 
            <i>
              Beep-Boop
            </i>
            .
          </p>
          <p>
            I started off my career as a backend Java developer, building JEE applications. Shortly after, my interest in all things Web related made me expand into becoming a Full Stack Developer. More recently I’ve been working with Golang on the backend side of things, and with React and Typescript on the front-end bits -
             
            <a
              href="https://github.com/rjmarques/personal-website"
              rel="noopener noreferrer"
              target="_blank"
            >
              this website is a SSR React App with a Typescript backend
            </a>
            .
          </p>
          <p>
            In my free time I dabble with tech I'm less familiar with. Recently it has been self-hosting, IoT home automation, and Arduino.
          </p>
        </div>
      </div>
    </div>
  </div>
</section>
`;
